// Jest Snapshot v1, https://goo.gl/fbAQLP

exports[`Test PageLayout renders without crashing 1`] = `
<Provider
  store={
    Object {
      "clearActions": [Function],
      "dispatch": [Function],
      "getActions": [Function],
      "getState": [Function],
      "replaceReducer": [Function],
      "subscribe": [Function],
    }
  }
>
  <MemoryRouter>
    <Router
      history={
        Object {
          "action": "POP",
          "block": [Function],
          "canGo": [Function],
          "createHref": [Function],
          "entries": Array [
            Object {
              "hash": "",
              "key": "kmlrm9",
              "pathname": "/",
              "search": "",
              "state": undefined,
            },
          ],
          "go": [Function],
          "goBack": [Function],
          "goForward": [Function],
          "index": 0,
          "length": 1,
          "listen": [Function],
          "location": Object {
            "hash": "",
            "key": "kmlrm9",
            "pathname": "/",
            "search": "",
            "state": undefined,
          },
          "push": [Function],
          "replace": [Function],
        }
      }
    >
      <PageLayout
        isBurgerMenuOpen={true}
        isLightMode={true}
      >
        <div
          className="container"
        >
          <AppContent>
            <withRouter(Routes)>
              <Routes
                history={
                  Object {
                    "action": "POP",
                    "block": [Function],
                    "canGo": [Function],
                    "createHref": [Function],
                    "entries": Array [
                      Object {
                        "hash": "",
                        "key": "kmlrm9",
                        "pathname": "/",
                        "search": "",
                        "state": undefined,
                      },
                    ],
                    "go": [Function],
                    "goBack": [Function],
                    "goForward": [Function],
                    "index": 0,
                    "length": 1,
                    "listen": [Function],
                    "location": Object {
                      "hash": "",
                      "key": "kmlrm9",
                      "pathname": "/",
                      "search": "",
                      "state": undefined,
                    },
                    "push": [Function],
                    "replace": [Function],
                  }
                }
                location={
                  Object {
                    "hash": "",
                    "key": "kmlrm9",
                    "pathname": "/",
                    "search": "",
                    "state": undefined,
                  }
                }
                match={
                  Object {
                    "isExact": true,
                    "params": Object {},
                    "path": "/",
                    "url": "/",
                  }
                }
              >
                <Switch>
                  <Route
                    component={[Function]}
                    computedMatch={
                      Object {
                        "isExact": true,
                        "params": Object {},
                        "path": "/",
                        "url": "/",
                      }
                    }
                    exact={true}
                    key="/"
                    location={
                      Object {
                        "hash": "",
                        "key": "kmlrm9",
                        "pathname": "/",
                        "search": "",
                        "state": undefined,
                      }
                    }
                    path="/"
                  >
                    <ColorsBoard
                      history={
                        Object {
                          "action": "POP",
                          "block": [Function],
                          "canGo": [Function],
                          "createHref": [Function],
                          "entries": Array [
                            Object {
                              "hash": "",
                              "key": "kmlrm9",
                              "pathname": "/",
                              "search": "",
                              "state": undefined,
                            },
                          ],
                          "go": [Function],
                          "goBack": [Function],
                          "goForward": [Function],
                          "index": 0,
                          "length": 1,
                          "listen": [Function],
                          "location": Object {
                            "hash": "",
                            "key": "kmlrm9",
                            "pathname": "/",
                            "search": "",
                            "state": undefined,
                          },
                          "push": [Function],
                          "replace": [Function],
                        }
                      }
                      location={
                        Object {
                          "hash": "",
                          "key": "kmlrm9",
                          "pathname": "/",
                          "search": "",
                          "state": undefined,
                        }
                      }
                      match={
                        Object {
                          "isExact": true,
                          "params": Object {},
                          "path": "/",
                          "url": "/",
                        }
                      }
                    >
                      <div
                        className="dragContainer"
                      >
                        <div>
                          <div
                            className="itemboxColor"
                            draggable={true}
                            key="item0-hsl(0, 100%, 90%)"
                            onDragOver={[Function]}
                            onDragStart={[Function]}
                            onDrop={[Function]}
                            style={
                              Object {
                                "backgroundColor": "hsl(0, 100%, 90%)",
                              }
                            }
                          />
                          <div
                            className="itemboxColor"
                            draggable={true}
                            key="item0-hsl(0, 100%, 80%)"
                            onDragOver={[Function]}
                            onDragStart={[Function]}
                            onDrop={[Function]}
                            style={
                              Object {
                                "backgroundColor": "hsl(0, 100%, 80%)",
                              }
                            }
                          />
                          <div
                            className="itemboxColor"
                            draggable={true}
                            key="item0-hsl(0, 100%, 70%)"
                            onDragOver={[Function]}
                            onDragStart={[Function]}
                            onDrop={[Function]}
                            style={
                              Object {
                                "backgroundColor": "hsl(0, 100%, 70%)",
                              }
                            }
                          />
                          <div
                            className="itemboxColor"
                            draggable={true}
                            key="item0-hsl(0, 100%, 60%)"
                            onDragOver={[Function]}
                            onDragStart={[Function]}
                            onDrop={[Function]}
                            style={
                              Object {
                                "backgroundColor": "hsl(0, 100%, 60%)",
                              }
                            }
                          />
                          <div
                            className="itemboxColor"
                            draggable={true}
                            key="item0-hsl(0, 100%, 50%)"
                            onDragOver={[Function]}
                            onDragStart={[Function]}
                            onDrop={[Function]}
                            style={
                              Object {
                                "backgroundColor": "hsl(0, 100%, 50%)",
                              }
                            }
                          />
                          <div
                            className="itemboxColor"
                            draggable={true}
                            key="item0-hsl(0, 100%, 40%)"
                            onDragOver={[Function]}
                            onDragStart={[Function]}
                            onDrop={[Function]}
                            style={
                              Object {
                                "backgroundColor": "hsl(0, 100%, 40%)",
                              }
                            }
                          />
                          <div
                            className="itemboxColor"
                            draggable={true}
                            key="item0-hsl(0, 100%, 30%)"
                            onDragOver={[Function]}
                            onDragStart={[Function]}
                            onDrop={[Function]}
                            style={
                              Object {
                                "backgroundColor": "hsl(0, 100%, 30%)",
                              }
                            }
                          />
                          <div
                            className="itemboxColor"
                            draggable={true}
                            key="item0-hsl(0, 100%, 20%)"
                            onDragOver={[Function]}
                            onDragStart={[Function]}
                            onDrop={[Function]}
                            style={
                              Object {
                                "backgroundColor": "hsl(0, 100%, 20%)",
                              }
                            }
                          />
                        </div>
                        <div>
                          <div
                            className="itemboxColor"
                            draggable={true}
                            key="item1-hsl(30, 100%, 90%)"
                            onDragOver={[Function]}
                            onDragStart={[Function]}
                            onDrop={[Function]}
                            style={
                              Object {
                                "backgroundColor": "hsl(30, 100%, 90%)",
                              }
                            }
                          />
                          <div
                            className="itemboxColor"
                            draggable={true}
                            key="item1-hsl(30, 100%, 80%)"
                            onDragOver={[Function]}
                            onDragStart={[Function]}
                            onDrop={[Function]}
                            style={
                              Object {
                                "backgroundColor": "hsl(30, 100%, 80%)",
                              }
                            }
                          />
                          <div
                            className="itemboxColor"
                            draggable={true}
                            key="item1-hsl(30, 100%, 70%)"
                            onDragOver={[Function]}
                            onDragStart={[Function]}
                            onDrop={[Function]}
                            style={
                              Object {
                                "backgroundColor": "hsl(30, 100%, 70%)",
                              }
                            }
                          />
                          <div
                            className="itemboxColor"
                            draggable={true}
                            key="item1-hsl(30, 100%, 60%)"
                            onDragOver={[Function]}
                            onDragStart={[Function]}
                            onDrop={[Function]}
                            style={
                              Object {
                                "backgroundColor": "hsl(30, 100%, 60%)",
                              }
                            }
                          />
                          <div
                            className="itemboxColor"
                            draggable={true}
                            key="item1-hsl(30, 100%, 50%)"
                            onDragOver={[Function]}
                            onDragStart={[Function]}
                            onDrop={[Function]}
                            style={
                              Object {
                                "backgroundColor": "hsl(30, 100%, 50%)",
                              }
                            }
                          />
                          <div
                            className="itemboxColor"
                            draggable={true}
                            key="item1-hsl(30, 100%, 40%)"
                            onDragOver={[Function]}
                            onDragStart={[Function]}
                            onDrop={[Function]}
                            style={
                              Object {
                                "backgroundColor": "hsl(30, 100%, 40%)",
                              }
                            }
                          />
                          <div
                            className="itemboxColor"
                            draggable={true}
                            key="item1-hsl(30, 100%, 30%)"
                            onDragOver={[Function]}
                            onDragStart={[Function]}
                            onDrop={[Function]}
                            style={
                              Object {
                                "backgroundColor": "hsl(30, 100%, 30%)",
                              }
                            }
                          />
                          <div
                            className="itemboxColor"
                            draggable={true}
                            key="item1-hsl(30, 100%, 20%)"
                            onDragOver={[Function]}
                            onDragStart={[Function]}
                            onDrop={[Function]}
                            style={
                              Object {
                                "backgroundColor": "hsl(30, 100%, 20%)",
                              }
                            }
                          />
                        </div>
                        <div>
                          <div
                            className="itemboxColor"
                            draggable={true}
                            key="item2-hsl(61, 100%, 90%)"
                            onDragOver={[Function]}
                            onDragStart={[Function]}
                            onDrop={[Function]}
                            style={
                              Object {
                                "backgroundColor": "hsl(61, 100%, 90%)",
                              }
                            }
                          />
                          <div
                            className="itemboxColor"
                            draggable={true}
                            key="item2-hsl(61, 100%, 80%)"
                            onDragOver={[Function]}
                            onDragStart={[Function]}
                            onDrop={[Function]}
                            style={
                              Object {
                                "backgroundColor": "hsl(61, 100%, 80%)",
                              }
                            }
                          />
                          <div
                            className="itemboxColor"
                            draggable={true}
                            key="item2-hsl(61, 100%, 70%)"
                            onDragOver={[Function]}
                            onDragStart={[Function]}
                            onDrop={[Function]}
                            style={
                              Object {
                                "backgroundColor": "hsl(61, 100%, 70%)",
                              }
                            }
                          />
                          <div
                            className="itemboxColor"
                            draggable={true}
                            key="item2-hsl(61, 100%, 60%)"
                            onDragOver={[Function]}
                            onDragStart={[Function]}
                            onDrop={[Function]}
                            style={
                              Object {
                                "backgroundColor": "hsl(61, 100%, 60%)",
                              }
                            }
                          />
                          <div
                            className="itemboxColor"
                            draggable={true}
                            key="item2-hsl(61, 100%, 50%)"
                            onDragOver={[Function]}
                            onDragStart={[Function]}
                            onDrop={[Function]}
                            style={
                              Object {
                                "backgroundColor": "hsl(61, 100%, 50%)",
                              }
                            }
                          />
                          <div
                            className="itemboxColor"
                            draggable={true}
                            key="item2-hsl(61, 100%, 40%)"
                            onDragOver={[Function]}
                            onDragStart={[Function]}
                            onDrop={[Function]}
                            style={
                              Object {
                                "backgroundColor": "hsl(61, 100%, 40%)",
                              }
                            }
                          />
                          <div
                            className="itemboxColor"
                            draggable={true}
                            key="item2-hsl(61, 100%, 30%)"
                            onDragOver={[Function]}
                            onDragStart={[Function]}
                            onDrop={[Function]}
                            style={
                              Object {
                                "backgroundColor": "hsl(61, 100%, 30%)",
                              }
                            }
                          />
                          <div
                            className="itemboxColor"
                            draggable={true}
                            key="item2-hsl(61, 100%, 20%)"
                            onDragOver={[Function]}
                            onDragStart={[Function]}
                            onDrop={[Function]}
                            style={
                              Object {
                                "backgroundColor": "hsl(61, 100%, 20%)",
                              }
                            }
                          />
                        </div>
                        <div>
                          <div
                            className="itemboxColor"
                            draggable={true}
                            key="item3-hsl(89, 100%, 90%)"
                            onDragOver={[Function]}
                            onDragStart={[Function]}
                            onDrop={[Function]}
                            style={
                              Object {
                                "backgroundColor": "hsl(89, 100%, 90%)",
                              }
                            }
                          />
                          <div
                            className="itemboxColor"
                            draggable={true}
                            key="item3-hsl(89, 100%, 80%)"
                            onDragOver={[Function]}
                            onDragStart={[Function]}
                            onDrop={[Function]}
                            style={
                              Object {
                                "backgroundColor": "hsl(89, 100%, 80%)",
                              }
                            }
                          />
                          <div
                            className="itemboxColor"
                            draggable={true}
                            key="item3-hsl(89, 100%, 70%)"
                            onDragOver={[Function]}
                            onDragStart={[Function]}
                            onDrop={[Function]}
                            style={
                              Object {
                                "backgroundColor": "hsl(89, 100%, 70%)",
                              }
                            }
                          />
                          <div
                            className="itemboxColor"
                            draggable={true}
                            key="item3-hsl(89, 100%, 60%)"
                            onDragOver={[Function]}
                            onDragStart={[Function]}
                            onDrop={[Function]}
                            style={
                              Object {
                                "backgroundColor": "hsl(89, 100%, 60%)",
                              }
                            }
                          />
                          <div
                            className="itemboxColor"
                            draggable={true}
                            key="item3-hsl(89, 100%, 50%)"
                            onDragOver={[Function]}
                            onDragStart={[Function]}
                            onDrop={[Function]}
                            style={
                              Object {
                                "backgroundColor": "hsl(89, 100%, 50%)",
                              }
                            }
                          />
                          <div
                            className="itemboxColor"
                            draggable={true}
                            key="item3-hsl(89, 100%, 40%)"
                            onDragOver={[Function]}
                            onDragStart={[Function]}
                            onDrop={[Function]}
                            style={
                              Object {
                                "backgroundColor": "hsl(89, 100%, 40%)",
                              }
                            }
                          />
                          <div
                            className="itemboxColor"
                            draggable={true}
                            key="item3-hsl(89, 100%, 30%)"
                            onDragOver={[Function]}
                            onDragStart={[Function]}
                            onDrop={[Function]}
                            style={
                              Object {
                                "backgroundColor": "hsl(89, 100%, 30%)",
                              }
                            }
                          />
                          <div
                            className="itemboxColor"
                            draggable={true}
                            key="item3-hsl(89, 100%, 20%)"
                            onDragOver={[Function]}
                            onDragStart={[Function]}
                            onDrop={[Function]}
                            style={
                              Object {
                                "backgroundColor": "hsl(89, 100%, 20%)",
                              }
                            }
                          />
                        </div>
                        <div>
                          <div
                            className="itemboxColor"
                            draggable={true}
                            key="item4-hsl(117, 100%, 90%)"
                            onDragOver={[Function]}
                            onDragStart={[Function]}
                            onDrop={[Function]}
                            style={
                              Object {
                                "backgroundColor": "hsl(117, 100%, 90%)",
                              }
                            }
                          />
                          <div
                            className="itemboxColor"
                            draggable={true}
                            key="item4-hsl(117, 100%, 80%)"
                            onDragOver={[Function]}
                            onDragStart={[Function]}
                            onDrop={[Function]}
                            style={
                              Object {
                                "backgroundColor": "hsl(117, 100%, 80%)",
                              }
                            }
                          />
                          <div
                            className="itemboxColor"
                            draggable={true}
                            key="item4-hsl(117, 100%, 70%)"
                            onDragOver={[Function]}
                            onDragStart={[Function]}
                            onDrop={[Function]}
                            style={
                              Object {
                                "backgroundColor": "hsl(117, 100%, 70%)",
                              }
                            }
                          />
                          <div
                            className="itemboxColor"
                            draggable={true}
                            key="item4-hsl(117, 100%, 60%)"
                            onDragOver={[Function]}
                            onDragStart={[Function]}
                            onDrop={[Function]}
                            style={
                              Object {
                                "backgroundColor": "hsl(117, 100%, 60%)",
                              }
                            }
                          />
                          <div
                            className="itemboxColor"
                            draggable={true}
                            key="item4-hsl(117, 100%, 50%)"
                            onDragOver={[Function]}
                            onDragStart={[Function]}
                            onDrop={[Function]}
                            style={
                              Object {
                                "backgroundColor": "hsl(117, 100%, 50%)",
                              }
                            }
                          />
                          <div
                            className="itemboxColor"
                            draggable={true}
                            key="item4-hsl(117, 100%, 40%)"
                            onDragOver={[Function]}
                            onDragStart={[Function]}
                            onDrop={[Function]}
                            style={
                              Object {
                                "backgroundColor": "hsl(117, 100%, 40%)",
                              }
                            }
                          />
                          <div
                            className="itemboxColor"
                            draggable={true}
                            key="item4-hsl(117, 100%, 30%)"
                            onDragOver={[Function]}
                            onDragStart={[Function]}
                            onDrop={[Function]}
                            style={
                              Object {
                                "backgroundColor": "hsl(117, 100%, 30%)",
                              }
                            }
                          />
                          <div
                            className="itemboxColor"
                            draggable={true}
                            key="item4-hsl(117, 100%, 20%)"
                            onDragOver={[Function]}
                            onDragStart={[Function]}
                            onDrop={[Function]}
                            style={
                              Object {
                                "backgroundColor": "hsl(117, 100%, 20%)",
                              }
                            }
                          />
                        </div>
                        <div>
                          <div
                            className="itemboxColor"
                            draggable={true}
                            key="item5-hsl(150, 100%, 90%)"
                            onDragOver={[Function]}
                            onDragStart={[Function]}
                            onDrop={[Function]}
                            style={
                              Object {
                                "backgroundColor": "hsl(150, 100%, 90%)",
                              }
                            }
                          />
                          <div
                            className="itemboxColor"
                            draggable={true}
                            key="item5-hsl(150, 100%, 80%)"
                            onDragOver={[Function]}
                            onDragStart={[Function]}
                            onDrop={[Function]}
                            style={
                              Object {
                                "backgroundColor": "hsl(150, 100%, 80%)",
                              }
                            }
                          />
                          <div
                            className="itemboxColor"
                            draggable={true}
                            key="item5-hsl(150, 100%, 70%)"
                            onDragOver={[Function]}
                            onDragStart={[Function]}
                            onDrop={[Function]}
                            style={
                              Object {
                                "backgroundColor": "hsl(150, 100%, 70%)",
                              }
                            }
                          />
                          <div
                            className="itemboxColor"
                            draggable={true}
                            key="item5-hsl(150, 100%, 60%)"
                            onDragOver={[Function]}
                            onDragStart={[Function]}
                            onDrop={[Function]}
                            style={
                              Object {
                                "backgroundColor": "hsl(150, 100%, 60%)",
                              }
                            }
                          />
                          <div
                            className="itemboxColor"
                            draggable={true}
                            key="item5-hsl(150, 100%, 50%)"
                            onDragOver={[Function]}
                            onDragStart={[Function]}
                            onDrop={[Function]}
                            style={
                              Object {
                                "backgroundColor": "hsl(150, 100%, 50%)",
                              }
                            }
                          />
                          <div
                            className="itemboxColor"
                            draggable={true}
                            key="item5-hsl(150, 100%, 40%)"
                            onDragOver={[Function]}
                            onDragStart={[Function]}
                            onDrop={[Function]}
                            style={
                              Object {
                                "backgroundColor": "hsl(150, 100%, 40%)",
                              }
                            }
                          />
                          <div
                            className="itemboxColor"
                            draggable={true}
                            key="item5-hsl(150, 100%, 30%)"
                            onDragOver={[Function]}
                            onDragStart={[Function]}
                            onDrop={[Function]}
                            style={
                              Object {
                                "backgroundColor": "hsl(150, 100%, 30%)",
                              }
                            }
                          />
                          <div
                            className="itemboxColor"
                            draggable={true}
                            key="item5-hsl(150, 100%, 20%)"
                            onDragOver={[Function]}
                            onDragStart={[Function]}
                            onDrop={[Function]}
                            style={
                              Object {
                                "backgroundColor": "hsl(150, 100%, 20%)",
                              }
                            }
                          />
                        </div>
                        <div>
                          <div
                            className="itemboxColor"
                            draggable={true}
                            key="item6-hsl(180, 100%, 90%)"
                            onDragOver={[Function]}
                            onDragStart={[Function]}
                            onDrop={[Function]}
                            style={
                              Object {
                                "backgroundColor": "hsl(180, 100%, 90%)",
                              }
                            }
                          />
                          <div
                            className="itemboxColor"
                            draggable={true}
                            key="item6-hsl(180, 100%, 80%)"
                            onDragOver={[Function]}
                            onDragStart={[Function]}
                            onDrop={[Function]}
                            style={
                              Object {
                                "backgroundColor": "hsl(180, 100%, 80%)",
                              }
                            }
                          />
                          <div
                            className="itemboxColor"
                            draggable={true}
                            key="item6-hsl(180, 100%, 70%)"
                            onDragOver={[Function]}
                            onDragStart={[Function]}
                            onDrop={[Function]}
                            style={
                              Object {
                                "backgroundColor": "hsl(180, 100%, 70%)",
                              }
                            }
                          />
                          <div
                            className="itemboxColor"
                            draggable={true}
                            key="item6-hsl(180, 100%, 60%)"
                            onDragOver={[Function]}
                            onDragStart={[Function]}
                            onDrop={[Function]}
                            style={
                              Object {
                                "backgroundColor": "hsl(180, 100%, 60%)",
                              }
                            }
                          />
                          <div
                            className="itemboxColor"
                            draggable={true}
                            key="item6-hsl(180, 100%, 50%)"
                            onDragOver={[Function]}
                            onDragStart={[Function]}
                            onDrop={[Function]}
                            style={
                              Object {
                                "backgroundColor": "hsl(180, 100%, 50%)",
                              }
                            }
                          />
                          <div
                            className="itemboxColor"
                            draggable={true}
                            key="item6-hsl(180, 100%, 40%)"
                            onDragOver={[Function]}
                            onDragStart={[Function]}
                            onDrop={[Function]}
                            style={
                              Object {
                                "backgroundColor": "hsl(180, 100%, 40%)",
                              }
                            }
                          />
                          <div
                            className="itemboxColor"
                            draggable={true}
                            key="item6-hsl(180, 100%, 30%)"
                            onDragOver={[Function]}
                            onDragStart={[Function]}
                            onDrop={[Function]}
                            style={
                              Object {
                                "backgroundColor": "hsl(180, 100%, 30%)",
                              }
                            }
                          />
                          <div
                            className="itemboxColor"
                            draggable={true}
                            key="item6-hsl(180, 100%, 20%)"
                            onDragOver={[Function]}
                            onDragStart={[Function]}
                            onDrop={[Function]}
                            style={
                              Object {
                                "backgroundColor": "hsl(180, 100%, 20%)",
                              }
                            }
                          />
                        </div>
                        <div>
                          <div
                            className="itemboxColor"
                            draggable={true}
                            key="item7-hsl(210, 100%, 90%)"
                            onDragOver={[Function]}
                            onDragStart={[Function]}
                            onDrop={[Function]}
                            style={
                              Object {
                                "backgroundColor": "hsl(210, 100%, 90%)",
                              }
                            }
                          />
                          <div
                            className="itemboxColor"
                            draggable={true}
                            key="item7-hsl(210, 100%, 80%)"
                            onDragOver={[Function]}
                            onDragStart={[Function]}
                            onDrop={[Function]}
                            style={
                              Object {
                                "backgroundColor": "hsl(210, 100%, 80%)",
                              }
                            }
                          />
                          <div
                            className="itemboxColor"
                            draggable={true}
                            key="item7-hsl(210, 100%, 70%)"
                            onDragOver={[Function]}
                            onDragStart={[Function]}
                            onDrop={[Function]}
                            style={
                              Object {
                                "backgroundColor": "hsl(210, 100%, 70%)",
                              }
                            }
                          />
                          <div
                            className="itemboxColor"
                            draggable={true}
                            key="item7-hsl(210, 100%, 60%)"
                            onDragOver={[Function]}
                            onDragStart={[Function]}
                            onDrop={[Function]}
                            style={
                              Object {
                                "backgroundColor": "hsl(210, 100%, 60%)",
                              }
                            }
                          />
                          <div
                            className="itemboxColor"
                            draggable={true}
                            key="item7-hsl(210, 100%, 50%)"
                            onDragOver={[Function]}
                            onDragStart={[Function]}
                            onDrop={[Function]}
                            style={
                              Object {
                                "backgroundColor": "hsl(210, 100%, 50%)",
                              }
                            }
                          />
                          <div
                            className="itemboxColor"
                            draggable={true}
                            key="item7-hsl(210, 100%, 40%)"
                            onDragOver={[Function]}
                            onDragStart={[Function]}
                            onDrop={[Function]}
                            style={
                              Object {
                                "backgroundColor": "hsl(210, 100%, 40%)",
                              }
                            }
                          />
                          <div
                            className="itemboxColor"
                            draggable={true}
                            key="item7-hsl(210, 100%, 30%)"
                            onDragOver={[Function]}
                            onDragStart={[Function]}
                            onDrop={[Function]}
                            style={
                              Object {
                                "backgroundColor": "hsl(210, 100%, 30%)",
                              }
                            }
                          />
                          <div
                            className="itemboxColor"
                            draggable={true}
                            key="item7-hsl(210, 100%, 20%)"
                            onDragOver={[Function]}
                            onDragStart={[Function]}
                            onDrop={[Function]}
                            style={
                              Object {
                                "backgroundColor": "hsl(210, 100%, 20%)",
                              }
                            }
                          />
                        </div>
                      </div>
                    </ColorsBoard>
                  </Route>
                </Switch>
              </Routes>
            </withRouter(Routes)>
          </AppContent>
        </div>
      </PageLayout>
    </Router>
  </MemoryRouter>
</Provider>
`;
