// Jest Snapshot v1, https://goo.gl/fbAQLP

exports[`Test GlobalProvider renders GlobalProvider without crashing 1`] = `
<ContextProvider
  value={
    Object {
      "handleChangeThemeMode": [Function],
      "handleDetectBurgerMenu": [Function],
      "isBurgerMenuOpen": false,
      "isLightMode": true,
    }
  }
>
  <Component />
</ContextProvider>
`;
