// Jest Snapshot v1, https://goo.gl/fbAQLP

exports[`Test AppContent renders without crashing 1`] = `
<div
  className="dragContainer"
>
  <div
    className="itemboxColor"
    draggable={true}
    id="drag_0"
    onDragOver={[Function]}
    onDragStart={[Function]}
    onDrop={[Function]}
    style={
      Object {
        "backgroundColor": "hsl(0, 100%, 90%)",
      }
    }
  />
  <div
    className="itemboxColor"
    draggable={true}
    id="drag_0"
    onDragOver={[Function]}
    onDragStart={[Function]}
    onDrop={[Function]}
    style={
      Object {
        "backgroundColor": "hsl(30, 100%, 90%)",
      }
    }
  />
  <div
    className="itemboxColor"
    draggable={true}
    id="drag_0"
    onDragOver={[Function]}
    onDragStart={[Function]}
    onDrop={[Function]}
    style={
      Object {
        "backgroundColor": "hsl(61, 100%, 90%)",
      }
    }
  />
  <div
    className="itemboxColor"
    draggable={true}
    id="drag_0"
    onDragOver={[Function]}
    onDragStart={[Function]}
    onDrop={[Function]}
    style={
      Object {
        "backgroundColor": "hsl(89, 100%, 90%)",
      }
    }
  />
  <div
    className="itemboxColor"
    draggable={true}
    id="drag_0"
    onDragOver={[Function]}
    onDragStart={[Function]}
    onDrop={[Function]}
    style={
      Object {
        "backgroundColor": "hsl(117, 100%, 90%)",
      }
    }
  />
  <div
    className="itemboxColor"
    draggable={true}
    id="drag_0"
    onDragOver={[Function]}
    onDragStart={[Function]}
    onDrop={[Function]}
    style={
      Object {
        "backgroundColor": "hsl(150, 100%, 90%)",
      }
    }
  />
  <div
    className="itemboxColor"
    draggable={true}
    id="drag_0"
    onDragOver={[Function]}
    onDragStart={[Function]}
    onDrop={[Function]}
    style={
      Object {
        "backgroundColor": "hsl(180, 100%, 90%)",
      }
    }
  />
  <div
    className="itemboxColor"
    draggable={true}
    id="drag_0"
    onDragOver={[Function]}
    onDragStart={[Function]}
    onDrop={[Function]}
    style={
      Object {
        "backgroundColor": "hsl(210, 100%, 90%)",
      }
    }
  />
  <div
    className="itemboxColor"
    draggable={true}
    id="drag_1"
    onDragOver={[Function]}
    onDragStart={[Function]}
    onDrop={[Function]}
    style={
      Object {
        "backgroundColor": "hsl(0, 100%, 80%)",
      }
    }
  />
  <div
    className="itemboxColor"
    draggable={true}
    id="drag_1"
    onDragOver={[Function]}
    onDragStart={[Function]}
    onDrop={[Function]}
    style={
      Object {
        "backgroundColor": "hsl(30, 100%, 80%)",
      }
    }
  />
  <div
    className="itemboxColor"
    draggable={true}
    id="drag_1"
    onDragOver={[Function]}
    onDragStart={[Function]}
    onDrop={[Function]}
    style={
      Object {
        "backgroundColor": "hsl(61, 100%, 80%)",
      }
    }
  />
  <div
    className="itemboxColor"
    draggable={true}
    id="drag_1"
    onDragOver={[Function]}
    onDragStart={[Function]}
    onDrop={[Function]}
    style={
      Object {
        "backgroundColor": "hsl(89, 100%, 80%)",
      }
    }
  />
  <div
    className="itemboxColor"
    draggable={true}
    id="drag_1"
    onDragOver={[Function]}
    onDragStart={[Function]}
    onDrop={[Function]}
    style={
      Object {
        "backgroundColor": "hsl(117, 100%, 80%)",
      }
    }
  />
  <div
    className="itemboxColor"
    draggable={true}
    id="drag_1"
    onDragOver={[Function]}
    onDragStart={[Function]}
    onDrop={[Function]}
    style={
      Object {
        "backgroundColor": "hsl(150, 100%, 80%)",
      }
    }
  />
  <div
    className="itemboxColor"
    draggable={true}
    id="drag_1"
    onDragOver={[Function]}
    onDragStart={[Function]}
    onDrop={[Function]}
    style={
      Object {
        "backgroundColor": "hsl(180, 100%, 80%)",
      }
    }
  />
  <div
    className="itemboxColor"
    draggable={true}
    id="drag_1"
    onDragOver={[Function]}
    onDragStart={[Function]}
    onDrop={[Function]}
    style={
      Object {
        "backgroundColor": "hsl(210, 100%, 80%)",
      }
    }
  />
  <div
    className="itemboxColor"
    draggable={true}
    id="drag_2"
    onDragOver={[Function]}
    onDragStart={[Function]}
    onDrop={[Function]}
    style={
      Object {
        "backgroundColor": "hsl(0, 100%, 70%)",
      }
    }
  />
  <div
    className="itemboxColor"
    draggable={true}
    id="drag_2"
    onDragOver={[Function]}
    onDragStart={[Function]}
    onDrop={[Function]}
    style={
      Object {
        "backgroundColor": "hsl(30, 100%, 70%)",
      }
    }
  />
  <div
    className="itemboxColor"
    draggable={true}
    id="drag_2"
    onDragOver={[Function]}
    onDragStart={[Function]}
    onDrop={[Function]}
    style={
      Object {
        "backgroundColor": "hsl(61, 100%, 70%)",
      }
    }
  />
  <div
    className="itemboxColor"
    draggable={true}
    id="drag_2"
    onDragOver={[Function]}
    onDragStart={[Function]}
    onDrop={[Function]}
    style={
      Object {
        "backgroundColor": "hsl(89, 100%, 70%)",
      }
    }
  />
  <div
    className="itemboxColor"
    draggable={true}
    id="drag_2"
    onDragOver={[Function]}
    onDragStart={[Function]}
    onDrop={[Function]}
    style={
      Object {
        "backgroundColor": "hsl(117, 100%, 70%)",
      }
    }
  />
  <div
    className="itemboxColor"
    draggable={true}
    id="drag_2"
    onDragOver={[Function]}
    onDragStart={[Function]}
    onDrop={[Function]}
    style={
      Object {
        "backgroundColor": "hsl(150, 100%, 70%)",
      }
    }
  />
  <div
    className="itemboxColor"
    draggable={true}
    id="drag_2"
    onDragOver={[Function]}
    onDragStart={[Function]}
    onDrop={[Function]}
    style={
      Object {
        "backgroundColor": "hsl(180, 100%, 70%)",
      }
    }
  />
  <div
    className="itemboxColor"
    draggable={true}
    id="drag_2"
    onDragOver={[Function]}
    onDragStart={[Function]}
    onDrop={[Function]}
    style={
      Object {
        "backgroundColor": "hsl(210, 100%, 70%)",
      }
    }
  />
  <div
    className="itemboxColor"
    draggable={true}
    id="drag_3"
    onDragOver={[Function]}
    onDragStart={[Function]}
    onDrop={[Function]}
    style={
      Object {
        "backgroundColor": "hsl(0, 100%, 60%)",
      }
    }
  />
  <div
    className="itemboxColor"
    draggable={true}
    id="drag_3"
    onDragOver={[Function]}
    onDragStart={[Function]}
    onDrop={[Function]}
    style={
      Object {
        "backgroundColor": "hsl(30, 100%, 60%)",
      }
    }
  />
  <div
    className="itemboxColor"
    draggable={true}
    id="drag_3"
    onDragOver={[Function]}
    onDragStart={[Function]}
    onDrop={[Function]}
    style={
      Object {
        "backgroundColor": "hsl(61, 100%, 60%)",
      }
    }
  />
  <div
    className="itemboxColor"
    draggable={true}
    id="drag_3"
    onDragOver={[Function]}
    onDragStart={[Function]}
    onDrop={[Function]}
    style={
      Object {
        "backgroundColor": "hsl(89, 100%, 60%)",
      }
    }
  />
  <div
    className="itemboxColor"
    draggable={true}
    id="drag_3"
    onDragOver={[Function]}
    onDragStart={[Function]}
    onDrop={[Function]}
    style={
      Object {
        "backgroundColor": "hsl(117, 100%, 60%)",
      }
    }
  />
  <div
    className="itemboxColor"
    draggable={true}
    id="drag_3"
    onDragOver={[Function]}
    onDragStart={[Function]}
    onDrop={[Function]}
    style={
      Object {
        "backgroundColor": "hsl(150, 100%, 60%)",
      }
    }
  />
  <div
    className="itemboxColor"
    draggable={true}
    id="drag_3"
    onDragOver={[Function]}
    onDragStart={[Function]}
    onDrop={[Function]}
    style={
      Object {
        "backgroundColor": "hsl(180, 100%, 60%)",
      }
    }
  />
  <div
    className="itemboxColor"
    draggable={true}
    id="drag_3"
    onDragOver={[Function]}
    onDragStart={[Function]}
    onDrop={[Function]}
    style={
      Object {
        "backgroundColor": "hsl(210, 100%, 60%)",
      }
    }
  />
  <div
    className="itemboxColor"
    draggable={true}
    id="drag_4"
    onDragOver={[Function]}
    onDragStart={[Function]}
    onDrop={[Function]}
    style={
      Object {
        "backgroundColor": "hsl(0, 100%, 50%)",
      }
    }
  />
  <div
    className="itemboxColor"
    draggable={true}
    id="drag_4"
    onDragOver={[Function]}
    onDragStart={[Function]}
    onDrop={[Function]}
    style={
      Object {
        "backgroundColor": "hsl(30, 100%, 50%)",
      }
    }
  />
  <div
    className="itemboxColor"
    draggable={true}
    id="drag_4"
    onDragOver={[Function]}
    onDragStart={[Function]}
    onDrop={[Function]}
    style={
      Object {
        "backgroundColor": "hsl(61, 100%, 50%)",
      }
    }
  />
  <div
    className="itemboxColor"
    draggable={true}
    id="drag_4"
    onDragOver={[Function]}
    onDragStart={[Function]}
    onDrop={[Function]}
    style={
      Object {
        "backgroundColor": "hsl(89, 100%, 50%)",
      }
    }
  />
  <div
    className="itemboxColor"
    draggable={true}
    id="drag_4"
    onDragOver={[Function]}
    onDragStart={[Function]}
    onDrop={[Function]}
    style={
      Object {
        "backgroundColor": "hsl(117, 100%, 50%)",
      }
    }
  />
  <div
    className="itemboxColor"
    draggable={true}
    id="drag_4"
    onDragOver={[Function]}
    onDragStart={[Function]}
    onDrop={[Function]}
    style={
      Object {
        "backgroundColor": "hsl(150, 100%, 50%)",
      }
    }
  />
  <div
    className="itemboxColor"
    draggable={true}
    id="drag_4"
    onDragOver={[Function]}
    onDragStart={[Function]}
    onDrop={[Function]}
    style={
      Object {
        "backgroundColor": "hsl(180, 100%, 50%)",
      }
    }
  />
  <div
    className="itemboxColor"
    draggable={true}
    id="drag_4"
    onDragOver={[Function]}
    onDragStart={[Function]}
    onDrop={[Function]}
    style={
      Object {
        "backgroundColor": "hsl(210, 100%, 50%)",
      }
    }
  />
  <div
    className="itemboxColor"
    draggable={true}
    id="drag_5"
    onDragOver={[Function]}
    onDragStart={[Function]}
    onDrop={[Function]}
    style={
      Object {
        "backgroundColor": "hsl(0, 100%, 40%)",
      }
    }
  />
  <div
    className="itemboxColor"
    draggable={true}
    id="drag_5"
    onDragOver={[Function]}
    onDragStart={[Function]}
    onDrop={[Function]}
    style={
      Object {
        "backgroundColor": "hsl(30, 100%, 40%)",
      }
    }
  />
  <div
    className="itemboxColor"
    draggable={true}
    id="drag_5"
    onDragOver={[Function]}
    onDragStart={[Function]}
    onDrop={[Function]}
    style={
      Object {
        "backgroundColor": "hsl(61, 100%, 40%)",
      }
    }
  />
  <div
    className="itemboxColor"
    draggable={true}
    id="drag_5"
    onDragOver={[Function]}
    onDragStart={[Function]}
    onDrop={[Function]}
    style={
      Object {
        "backgroundColor": "hsl(89, 100%, 40%)",
      }
    }
  />
  <div
    className="itemboxColor"
    draggable={true}
    id="drag_5"
    onDragOver={[Function]}
    onDragStart={[Function]}
    onDrop={[Function]}
    style={
      Object {
        "backgroundColor": "hsl(117, 100%, 40%)",
      }
    }
  />
  <div
    className="itemboxColor"
    draggable={true}
    id="drag_5"
    onDragOver={[Function]}
    onDragStart={[Function]}
    onDrop={[Function]}
    style={
      Object {
        "backgroundColor": "hsl(150, 100%, 40%)",
      }
    }
  />
  <div
    className="itemboxColor"
    draggable={true}
    id="drag_5"
    onDragOver={[Function]}
    onDragStart={[Function]}
    onDrop={[Function]}
    style={
      Object {
        "backgroundColor": "hsl(180, 100%, 40%)",
      }
    }
  />
  <div
    className="itemboxColor"
    draggable={true}
    id="drag_5"
    onDragOver={[Function]}
    onDragStart={[Function]}
    onDrop={[Function]}
    style={
      Object {
        "backgroundColor": "hsl(210, 100%, 40%)",
      }
    }
  />
  <div
    className="itemboxColor"
    draggable={true}
    id="drag_6"
    onDragOver={[Function]}
    onDragStart={[Function]}
    onDrop={[Function]}
    style={
      Object {
        "backgroundColor": "hsl(0, 100%, 30%)",
      }
    }
  />
  <div
    className="itemboxColor"
    draggable={true}
    id="drag_6"
    onDragOver={[Function]}
    onDragStart={[Function]}
    onDrop={[Function]}
    style={
      Object {
        "backgroundColor": "hsl(30, 100%, 30%)",
      }
    }
  />
  <div
    className="itemboxColor"
    draggable={true}
    id="drag_6"
    onDragOver={[Function]}
    onDragStart={[Function]}
    onDrop={[Function]}
    style={
      Object {
        "backgroundColor": "hsl(61, 100%, 30%)",
      }
    }
  />
  <div
    className="itemboxColor"
    draggable={true}
    id="drag_6"
    onDragOver={[Function]}
    onDragStart={[Function]}
    onDrop={[Function]}
    style={
      Object {
        "backgroundColor": "hsl(89, 100%, 30%)",
      }
    }
  />
  <div
    className="itemboxColor"
    draggable={true}
    id="drag_6"
    onDragOver={[Function]}
    onDragStart={[Function]}
    onDrop={[Function]}
    style={
      Object {
        "backgroundColor": "hsl(117, 100%, 30%)",
      }
    }
  />
  <div
    className="itemboxColor"
    draggable={true}
    id="drag_6"
    onDragOver={[Function]}
    onDragStart={[Function]}
    onDrop={[Function]}
    style={
      Object {
        "backgroundColor": "hsl(150, 100%, 30%)",
      }
    }
  />
  <div
    className="itemboxColor"
    draggable={true}
    id="drag_6"
    onDragOver={[Function]}
    onDragStart={[Function]}
    onDrop={[Function]}
    style={
      Object {
        "backgroundColor": "hsl(180, 100%, 30%)",
      }
    }
  />
  <div
    className="itemboxColor"
    draggable={true}
    id="drag_6"
    onDragOver={[Function]}
    onDragStart={[Function]}
    onDrop={[Function]}
    style={
      Object {
        "backgroundColor": "hsl(210, 100%, 30%)",
      }
    }
  />
  <div
    className="itemboxColor"
    draggable={true}
    id="drag_7"
    onDragOver={[Function]}
    onDragStart={[Function]}
    onDrop={[Function]}
    style={
      Object {
        "backgroundColor": "hsl(0, 100%, 20%)",
      }
    }
  />
  <div
    className="itemboxColor"
    draggable={true}
    id="drag_7"
    onDragOver={[Function]}
    onDragStart={[Function]}
    onDrop={[Function]}
    style={
      Object {
        "backgroundColor": "hsl(30, 100%, 20%)",
      }
    }
  />
  <div
    className="itemboxColor"
    draggable={true}
    id="drag_7"
    onDragOver={[Function]}
    onDragStart={[Function]}
    onDrop={[Function]}
    style={
      Object {
        "backgroundColor": "hsl(61, 100%, 20%)",
      }
    }
  />
  <div
    className="itemboxColor"
    draggable={true}
    id="drag_7"
    onDragOver={[Function]}
    onDragStart={[Function]}
    onDrop={[Function]}
    style={
      Object {
        "backgroundColor": "hsl(89, 100%, 20%)",
      }
    }
  />
  <div
    className="itemboxColor"
    draggable={true}
    id="drag_7"
    onDragOver={[Function]}
    onDragStart={[Function]}
    onDrop={[Function]}
    style={
      Object {
        "backgroundColor": "hsl(117, 100%, 20%)",
      }
    }
  />
  <div
    className="itemboxColor"
    draggable={true}
    id="drag_7"
    onDragOver={[Function]}
    onDragStart={[Function]}
    onDrop={[Function]}
    style={
      Object {
        "backgroundColor": "hsl(150, 100%, 20%)",
      }
    }
  />
  <div
    className="itemboxColor"
    draggable={true}
    id="drag_7"
    onDragOver={[Function]}
    onDragStart={[Function]}
    onDrop={[Function]}
    style={
      Object {
        "backgroundColor": "hsl(180, 100%, 20%)",
      }
    }
  />
  <div
    className="itemboxColor"
    draggable={true}
    id="drag_7"
    onDragOver={[Function]}
    onDragStart={[Function]}
    onDrop={[Function]}
    style={
      Object {
        "backgroundColor": "hsl(210, 100%, 20%)",
      }
    }
  />
</div>
`;
